2026-08-14T00:15:26.713719 _process_synced_revlog_impl: start
2026-08-14T00:15:26.713958 _fetch_revlog_rows: last_id=1786659166741
2026-08-14T00:15:26.713997   sql: SELECT id, ease FROM revlog WHERE id > 1786659166741 ORDER BY id LIMIT 1000
2026-08-14T00:15:26.714081   execute returned: type=list
2026-08-14T00:15:26.714112   res is list: 0 items
2026-08-14T00:15:26.714136   no rows, done
2026-08-14T00:15:26.714160 _fetch_revlog_rows: returning 0 rows
2026-08-14T00:15:26.714184 _process_synced_revlog_impl: got 0 rows
2026-08-14T00:15:27.009815 _process_synced_revlog_impl: start
2026-08-14T00:15:27.010055 _fetch_revlog_rows: last_id=1786659166741
2026-08-14T00:15:27.010073   sql: SELECT id, ease FROM revlog WHERE id > 1786659166741 ORDER BY id LIMIT 1000
2026-08-14T00:15:27.010110   execute returned: type=list
2026-08-14T00:15:27.010125   res is list: 0 items
2026-08-14T00:15:27.010137   no rows, done
2026-08-14T00:15:27.010150 _fetch_revlog_rows: returning 0 rows
2026-08-14T00:15:27.010162 _process_synced_revlog_impl: got 0 rows
2026-08-14T00:55:44.045182 _process_synced_revlog_impl: start
2026-08-14T00:55:44.045577 _fetch_revlog_rows: last_id=1786661547307
2026-08-14T00:55:44.045615   sql: SELECT id, ease FROM revlog WHERE id > 1786661547307 ORDER BY id LIMIT 1000
2026-08-14T00:55:44.045708   execute returned: type=list
2026-08-14T00:55:44.045743   res is list: 0 items
2026-08-14T00:55:44.045770   no rows, done
2026-08-14T00:55:44.045796 _fetch_revlog_rows: returning 0 rows
2026-08-14T00:55:44.045823 _process_synced_revlog_impl: got 0 rows
2026-08-14T00:57:10.825238 _process_synced_revlog_impl: start
2026-08-14T00:57:10.825496 _fetch_revlog_rows: last_id=1786661547307
2026-08-14T00:57:10.825516   sql: SELECT id, ease FROM revlog WHERE id > 1786661547307 ORDER BY id LIMIT 1000
2026-08-14T00:57:10.825555   execute returned: type=list
2026-08-14T00:57:10.825572   res is list: 0 items
2026-08-14T00:57:10.825585   no rows, done
2026-08-14T00:57:10.825599 _fetch_revlog_rows: returning 0 rows
2026-08-14T00:57:10.825615 _process_synced_revlog_impl: got 0 rows
2026-08-14T09:53:27.826763 _process_synced_revlog_impl: start
2026-08-14T09:53:27.826985 _fetch_revlog_rows: last_id=1786661547307
2026-08-14T09:53:27.827058   sql: SELECT id, ease FROM revlog WHERE id > 1786661547307 ORDER BY id LIMIT 1000
2026-08-14T09:53:27.827209   execute returned: type=list
2026-08-14T09:53:27.827278   res is list: 0 items
2026-08-14T09:53:27.827292   no rows, done
2026-08-14T09:53:27.827305 _fetch_revlog_rows: returning 0 rows
2026-08-14T09:53:27.827317 _process_synced_revlog_impl: got 0 rows
2026-08-14T09:53:28.076335 _process_synced_revlog_impl: start
2026-08-14T09:53:28.076560 _fetch_revlog_rows: last_id=1786661547307
2026-08-14T09:53:28.076578   sql: SELECT id, ease FROM revlog WHERE id > 1786661547307 ORDER BY id LIMIT 1000
2026-08-14T09:53:28.076619   execute returned: type=list
2026-08-14T09:53:28.076635   res is list: 0 items
2026-08-14T09:53:28.076647   no rows, done
2026-08-14T09:53:28.076660 _fetch_revlog_rows: returning 0 rows
2026-08-14T09:53:28.076672 _process_synced_revlog_impl: got 0 rows
2026-08-14T09:55:08.974726 get_sync_debug_info: start
2026-08-14T09:55:08.974939 _fetch_revlog_rows: last_id=1786661547307
2026-08-14T09:55:08.974962   sql: SELECT id, ease FROM revlog WHERE id > 1786661547307 ORDER BY id LIMIT 1000
2026-08-14T09:55:08.975016   execute returned: type=list
2026-08-14T09:55:08.975034   res is list: 0 items
2026-08-14T09:55:08.975048   no rows, done
2026-08-14T09:55:08.975063 _fetch_revlog_rows: returning 0 rows
2026-08-14T09:55:08.975096 get_sync_debug_info: 0 rows, 0 from today
2026-08-14T09:55:08.975247 _process_synced_revlog_impl: start
2026-08-14T09:55:08.975384 _fetch_revlog_rows: last_id=1786661547307
2026-08-14T09:55:08.975403   sql: SELECT id, ease FROM revlog WHERE id > 1786661547307 ORDER BY id LIMIT 1000
2026-08-14T09:55:08.975430   execute returned: type=list
2026-08-14T09:55:08.975447   res is list: 0 items
2026-08-14T09:55:08.975461   no rows, done
2026-08-14T09:55:08.975476 _fetch_revlog_rows: returning 0 rows
2026-08-14T09:55:08.975497 _process_synced_revlog_impl: got 0 rows
